
[1] lam -> 0 : second_order phải TRÙNG plugin
  lam=0.001   sai số tương đối = 7.44e-03   OK
  lam=0.01    sai số tương đối = 6.97e-02   FAIL

[2] lam -> inf : ||g|| phải TĂNG rồi BÃO HOÀ (không giảm)
  lam=0.5     ||g_plugin||=    4.694  ||g_2nd||=  0.9924
  lam=1.5     ||g_plugin||=   14.082  ||g_2nd||=  1.1768
  lam=5.0     ||g_plugin||=   46.941  ||g_2nd||=  1.3823
  lam=15.0    ||g_plugin||=  140.823  ||g_2nd||=  1.7293
  lam=50.0    ||g_plugin||=  469.410  ||g_2nd||=  2.1393
  lam=200.0   ||g_plugin||= 1877.638  ||g_2nd||=  2.3881

[3] giới hạn giải tích: g_2nd -> (c - mu)/sigma_t^2 khi lam -> inf
  ||g_mu(lam=1e4) - (c-mu)/s2|| / ||(c-mu)/s2|| = 1.08e-03

=== lam=1.5  target: ratio=6.08 reward=-0.463 in_dist=1.000 floor=0.133
  unguided         seed=0 W2=1.784 (-floor=+1.651) ratio=1.09 dR=-15.885 in_dist=0.896 [2s]
  unguided         seed=1 W2=1.766 (-floor=+1.632) ratio=1.11 dR=-15.737 in_dist=0.887 [2s]
  unguided         seed=2 W2=1.749 (-floor=+1.616) ratio=1.09 dR=-15.346 in_dist=0.891 [2s]
  plugin           seed=0 W2=0.713 (-floor=+0.580) ratio=24.09 dR=+0.240 in_dist=0.875 [5s]
  plugin           seed=1 W2=0.712 (-floor=+0.579) ratio=19.18 dR=+0.218 in_dist=0.854 [5s]
  plugin           seed=2 W2=0.737 (-floor=+0.604) ratio=19.53 dR=+0.221 in_dist=0.857 [5s]
  plugin_damping   seed=0 W2=0.767 (-floor=+0.633) ratio=9.90 dR=+0.077 in_dist=0.811 [5s]
  plugin_damping   seed=1 W2=0.774 (-floor=+0.640) ratio=7.07 dR=-0.062 in_dist=0.814 [5s]
  plugin_damping   seed=2 W2=0.778 (-floor=+0.645) ratio=7.93 dR=-0.004 in_dist=0.799 [5s]
  second_order     seed=0 W2=0.820 (-floor=+0.687) ratio=2.32 dR=-2.362 in_dist=0.886 [5s]
  second_order     seed=1 W2=0.829 (-floor=+0.696) ratio=2.24 dR=-2.585 in_dist=0.876 [5s]
  second_order     seed=2 W2=0.816 (-floor=+0.682) ratio=2.27 dR=-2.445 in_dist=0.872 [5s]

=== lam=5.0  target: ratio=8.60 reward=-0.171 in_dist=1.000 floor=0.180
  unguided         seed=0 W2=2.199 (-floor=+2.019) ratio=1.09 dR=-16.177 in_dist=0.896 [2s]
  unguided         seed=1 W2=2.182 (-floor=+2.002) ratio=1.11 dR=-16.029 in_dist=0.887 [2s]
  unguided         seed=2 W2=2.168 (-floor=+1.988) ratio=1.09 dR=-15.637 in_dist=0.891 [2s]
  plugin           seed=0 W2=0.855 (-floor=+0.676) ratio=145.81 dR=+0.010 in_dist=0.603 [5s]
  plugin           seed=1 W2=0.838 (-floor=+0.658) ratio=148.38 dR=+0.009 in_dist=0.604 [5s]
  plugin           seed=2 W2=0.879 (-floor=+0.699) ratio=143.76 dR=+0.006 in_dist=0.597 [5s]
  plugin_damping   seed=0 W2=1.259 (-floor=+1.079) ratio=32.77 dR=-0.065 in_dist=0.812 [5s]
  plugin_damping   seed=1 W2=1.253 (-floor=+1.073) ratio=29.62 dR=-0.070 in_dist=0.805 [5s]
  plugin_damping   seed=2 W2=1.261 (-floor=+1.081) ratio=22.44 dR=-0.081 in_dist=0.797 [6s]
  second_order     seed=0 W2=1.046 (-floor=+0.866) ratio=3.20 dR=-1.179 in_dist=0.850 [5s]
  second_order     seed=1 W2=1.036 (-floor=+0.856) ratio=3.04 dR=-1.320 in_dist=0.831 [5s]
  second_order     seed=2 W2=1.037 (-floor=+0.857) ratio=3.14 dR=-1.215 in_dist=0.843 [5s]

=== lam=15.0  target: ratio=11.43 reward=-0.076 in_dist=1.000 floor=0.123
  unguided         seed=0 W2=2.469 (-floor=+2.345) ratio=1.09 dR=-16.272 in_dist=0.896 [2s]
  unguided         seed=1 W2=2.455 (-floor=+2.331) ratio=1.11 dR=-16.124 in_dist=0.887 [2s]
  unguided         seed=2 W2=2.442 (-floor=+2.319) ratio=1.09 dR=-15.733 in_dist=0.891 [2s]
  plugin           seed=0 W2=61.772 (-floor=+61.649) ratio=1991.79 dR=-192.120 in_dist=0.516 [5s]
  plugin           seed=1 W2=42.021 (-floor=+41.897) ratio=2021.35 dR=-89.442 in_dist=0.487 [5s]
  plugin           seed=2 W2=58.206 (-floor=+58.083) ratio=2176.16 dR=-170.647 in_dist=0.493 [6s]
  plugin_damping   seed=0 W2=1.558 (-floor=+1.434) ratio=143.36 dR=-0.140 in_dist=0.810 [5s]
  plugin_damping   seed=1 W2=1.558 (-floor=+1.435) ratio=155.19 dR=-0.142 in_dist=0.807 [5s]
  plugin_damping   seed=2 W2=1.560 (-floor=+1.436) ratio=99.90 dR=-0.141 in_dist=0.801 [5s]
  second_order     seed=0 W2=1.017 (-floor=+0.893) ratio=4.26 dR=-0.524 in_dist=0.820 [5s]
  second_order     seed=1 W2=1.019 (-floor=+0.896) ratio=3.94 dR=-0.620 in_dist=0.826 [6s]
  second_order     seed=2 W2=1.015 (-floor=+0.891) ratio=4.12 dR=-0.558 in_dist=0.823 [6s]

                             w2        ratio      reward   in_dist
lam  method                                                      
1.5  plugin           0.720832    20.930676   -0.236748  0.861667
     plugin_damping   0.772920     8.302501   -0.459430  0.808000
     second_order     0.821616     2.276233   -2.927001  0.878000
     target           0.000000     6.079556   -0.463175  1.000000
     unguided         1.766269     1.095575  -16.118904  0.891833
5.0  plugin           0.857574   145.984236   -0.163211  0.601000
     plugin_damping   1.257706    28.278159   -0.243202  0.804833
     second_order     1.039452     3.125130   -1.409378  0.841167
     target           0.000000     8.596992   -0.171407  1.000000
     unguided         2.182859     1.095575  -16.118904  0.891833
15.0 plugin          53.999856  2063.099969 -150.812558  0.499000
     plugin_damping   1.558428   132.816213   -0.217532  0.806333
     second_order     1.016881     4.106174   -0.643581  0.823000
     target           0.000000    11.426036   -0.076294  1.000000
     unguided         2.455162     1.095575  -16.118904  0.891833
