
[1] lam -> 0 : second_order phải TRÙNG plugin
  lam=0.001   sai số tương đối = 4.08e-03   OK
  lam=0.01    sai số tương đối = 3.90e-02   FAIL

[2] lam -> inf : ||g|| phải TĂNG rồi BÃO HOÀ (không giảm)
  lam=0.5     ||g_plugin||=    0.190  ||g_2nd||=  0.0868
  lam=1.5     ||g_plugin||=    0.569  ||g_2nd||=  0.1444
  lam=5.0     ||g_plugin||=    1.896  ||g_2nd||=  0.2231
  lam=15.0    ||g_plugin||=    5.688  ||g_2nd||=  0.3240
  lam=50.0    ||g_plugin||=   18.961  ||g_2nd||=  0.4750
  lam=200.0   ||g_plugin||=   75.845  ||g_2nd||=  0.6642

[3] giới hạn giải tích: g_2nd -> (c - mu)/sigma_t^2 khi lam -> inf
  ||g_mu(lam=1e4) - (c-mu)/s2|| / ||(c-mu)/s2|| = 7.74e-01

=== lam=1.5  target: ratio=1.18 reward=0.256 in_dist=1.000 floor=0.236
  unguided         seed=0 W2=0.628 (-floor=+0.392) ratio=1.09 dR=-0.140 in_dist=0.896 [2s]
  unguided         seed=1 W2=0.578 (-floor=+0.342) ratio=1.11 dR=-0.134 in_dist=0.887 [2s]
  unguided         seed=2 W2=0.556 (-floor=+0.320) ratio=1.09 dR=-0.129 in_dist=0.891 [2s]
  plugin           seed=0 W2=0.637 (-floor=+0.401) ratio=1.09 dR=+0.158 in_dist=0.876 [5s]
  plugin           seed=1 W2=0.563 (-floor=+0.326) ratio=1.11 dR=+0.153 in_dist=0.870 [5s]
  plugin           seed=2 W2=0.576 (-floor=+0.340) ratio=1.10 dR=+0.164 in_dist=0.870 [5s]
  plugin_damping   seed=0 W2=0.543 (-floor=+0.307) ratio=1.09 dR=-0.009 in_dist=0.870 [5s]
  plugin_damping   seed=1 W2=0.506 (-floor=+0.269) ratio=1.11 dR=-0.020 in_dist=0.881 [5s]
  plugin_damping   seed=2 W2=0.473 (-floor=+0.237) ratio=1.09 dR=-0.001 in_dist=0.867 [5s]
  second_order     seed=0 W2=0.486 (-floor=+0.250) ratio=1.10 dR=-0.017 in_dist=0.874 [5s]
  second_order     seed=1 W2=0.452 (-floor=+0.215) ratio=1.12 dR=-0.023 in_dist=0.876 [5s]
  second_order     seed=2 W2=0.417 (-floor=+0.181) ratio=1.10 dR=-0.012 in_dist=0.871 [5s]

=== lam=5.0  target: ratio=2.12 reward=0.694 in_dist=1.000 floor=0.173
  unguided         seed=0 W2=1.785 (-floor=+1.612) ratio=1.09 dR=-0.578 in_dist=0.896 [2s]
  unguided         seed=1 W2=1.761 (-floor=+1.588) ratio=1.11 dR=-0.572 in_dist=0.887 [2s]
  unguided         seed=2 W2=1.749 (-floor=+1.577) ratio=1.09 dR=-0.567 in_dist=0.891 [2s]
  plugin           seed=0 W2=1.387 (-floor=+1.214) ratio=1.25 dR=-0.047 in_dist=0.839 [5s]
  plugin           seed=1 W2=1.359 (-floor=+1.186) ratio=1.28 dR=-0.039 in_dist=0.828 [5s]
  plugin           seed=2 W2=1.333 (-floor=+1.160) ratio=1.25 dR=-0.033 in_dist=0.811 [5s]
  plugin_damping   seed=0 W2=1.714 (-floor=+1.541) ratio=1.09 dR=-0.412 in_dist=0.870 [5s]
  plugin_damping   seed=1 W2=1.699 (-floor=+1.526) ratio=1.11 dR=-0.418 in_dist=0.869 [5s]
  plugin_damping   seed=2 W2=1.680 (-floor=+1.507) ratio=1.09 dR=-0.405 in_dist=0.859 [5s]
  second_order     seed=0 W2=1.604 (-floor=+1.431) ratio=1.12 dR=-0.380 in_dist=0.871 [5s]
  second_order     seed=1 W2=1.591 (-floor=+1.419) ratio=1.14 dR=-0.392 in_dist=0.869 [5s]
  second_order     seed=2 W2=1.570 (-floor=+1.397) ratio=1.12 dR=-0.377 in_dist=0.863 [5s]

=== lam=15.0  target: ratio=10.84 reward=0.918 in_dist=1.000 floor=0.205
  unguided         seed=0 W2=2.402 (-floor=+2.196) ratio=1.09 dR=-0.802 in_dist=0.896 [2s]
  unguided         seed=1 W2=2.388 (-floor=+2.182) ratio=1.11 dR=-0.796 in_dist=0.887 [2s]
  unguided         seed=2 W2=2.374 (-floor=+2.169) ratio=1.09 dR=-0.791 in_dist=0.891 [2s]
  plugin           seed=0 W2=2.225 (-floor=+2.019) ratio=1.68 dR=-0.214 in_dist=0.620 [5s]
  plugin           seed=1 W2=2.233 (-floor=+2.028) ratio=1.68 dR=-0.206 in_dist=0.612 [5s]
  plugin           seed=2 W2=2.118 (-floor=+1.913) ratio=1.57 dR=-0.185 in_dist=0.607 [5s]
  plugin_damping   seed=0 W2=2.327 (-floor=+2.121) ratio=1.10 dR=-0.618 in_dist=0.871 [5s]
  plugin_damping   seed=1 W2=2.321 (-floor=+2.115) ratio=1.11 dR=-0.625 in_dist=0.871 [5s]
  plugin_damping   seed=2 W2=2.300 (-floor=+2.095) ratio=1.10 dR=-0.615 in_dist=0.861 [5s]
  second_order     seed=0 W2=2.126 (-floor=+1.920) ratio=1.15 dR=-0.536 in_dist=0.864 [5s]
  second_order     seed=1 W2=2.124 (-floor=+1.919) ratio=1.17 dR=-0.544 in_dist=0.867 [6s]
  second_order     seed=2 W2=2.095 (-floor=+1.889) ratio=1.15 dR=-0.530 in_dist=0.864 [5s]

                            w2      ratio    reward   in_dist
lam  method                                                 
1.5  plugin          0.592031   1.099690  0.414262  0.871833
     plugin_damping  0.507363   1.094006  0.245903  0.872500
     second_order    0.451571   1.107754  0.238831  0.873500
     target          0.000000   1.184830  0.255853  1.000000
     unguided        0.587587   1.095575  0.121517  0.891833
5.0  plugin          1.359373   1.259833  0.654148  0.826000
     plugin_damping  1.697748   1.096667  0.282248  0.865833
     second_order    1.588478   1.128133  0.310788  0.867500
     target          0.000000   2.117224  0.693757  1.000000
     unguided        1.765212   1.095575  0.121517  0.891833
15.0 plugin          2.191966   1.645676  0.716581  0.612667
     plugin_damping  2.315978   1.100406  0.298611  0.867167
     second_order    2.114840   1.158343  0.381329  0.864667
     target          0.000000  10.839249  0.918021  1.000000
     unguided        2.387751   1.095575  0.121517  0.891833
