A) Target...
B) Plugin k=8...
C) Second-Order k=1...
D) Second-Order + Bo4...
E) Plugin + Damp + Bo4 (Seed 1)...
F) Plugin + Damp + Bo4 (Seed 2)...
G) Second-Order + Bo4 (Seed 2)...
H) Second-Order + Damp + Bo4...
--------------------------------------------------------------------------------
Method                         | W2       | In-Dist  | Reward  
--------------------------------------------------------------------------------
Target (Analytic)              | 0.019    | 100.0% | 0.927   
Plug-in (k=8)                  | 0.754    |  93.1% | 0.822   
Second-Order (k=1)             | 1.373    |  94.3% | 0.742   
Second-Order + Bo4             | 0.120    |  98.2% | 0.970   
Second-Order + Bo4 (S2)        | 0.129    |  98.1% | 0.972   
Plug-in + Damp + Bo4 (S1)      | 0.113    |  95.5% | 0.931   
Plug-in + Damp + Bo4 (S2)      | 0.132    |  96.0% | 0.929   
Second-Order + Damp + Bo4      | 0.277    |  94.2% | 0.907   
Saved results_8_panels.png
